action-pr-link
action-used-by-link
actionable-pr-view-file
align-issue-labels
archive-forks-link
avoid-accidental-submissions
batch-mark-files-as-viewed
bugs-tab
ci-link
clean-conversation-filters
clean-conversation-headers
clean-conversation-sidebar
clean-pinned-issues
clean-readme-url
clean-repo-filelist-actions
clean-repo-sidebar
clean-repo-tabs
clean-rich-text-editor
clear-pr-merge-commit-message
click-outside-modal
close-as-unplanned
close-out-of-view-modals
closing-remarks
collapsible-content-button
command-palette-navigation-shortcuts
comment-excess
comment-fields-keyboard-shortcuts
comment-on-draft-pr-indicator
comments-time-machine-links
conflict-marker
conversation-activity-filter
conversation-links-on-repo-lists
convert-pr-to-draft-improvements
convert-release-to-draft
copy-on-y
create-release-shortcut
cross-deleted-pr-branches
deep-reblame
default-branch-button
dim-bots
download-folder-button
easy-toggle-commit-messages
easy-toggle-files
embed-gist-inline
embed-gist-via-iframe
emphasize-draft-pr-label
esc-to-cancel
esc-to-deselect-line
expand-all-hidden-comments
extend-conversation-status-filters
extend-diff-expander
file-age-color
fit-textareas
fix-no-pr-search
github-actions-indicators
global-conversation-list-filters
hidden-review-comments-indicator
hide-diff-signs
hide-inactive-deployments
hide-issue-list-autocomplete
hide-low-quality-comments
hide-navigation-hover-highlight
hide-newsfeed-noise
hide-user-forks
highest-rated-comment
highlight-collaborators-and-own-conversations
highlight-non-default-base-branch
html-preview-link
improve-shortcut-help
infinite-scroll
jump-to-change-requested-comment
jump-to-conversation-close-event
keyboard-navigation
last-notification-page-button
link-to-changelog-file
link-to-compare-diff
link-to-github-io
linkify-branch-references
linkify-code
linkify-commit-sha
linkify-labels-on-dashboard
linkify-line-numbers
linkify-notification-repository-header
linkify-symbolic-links
linkify-user-edit-history-popup
linkify-user-labels
linkify-user-location
list-prs-for-branch
list-prs-for-file
locked-issue
mark-merge-commits-in-list
mark-private-orgs
mobile-tabs
more-conversation-filters
more-dropdown-links
more-file-links
netiquette
new-or-deleted-file
new-repo-disable-projects-and-wikis
no-duplicate-list-update-time
no-unnecessary-split-diff-view
one-click-diff-options
one-click-pr-or-gist
one-click-review-submission
one-key-formatting
open-all-conversations
open-all-notifications
open-issue-to-latest-comment
pagination-hotkey
parse-backticks
patch-diff-links
pinned-issues-update-time
pr-base-commit
pr-branch-auto-delete
pr-commit-lines-changed
pr-filters
pr-first-commit-title
pr-jump-to-first-non-viewed-file
pr-notification-link
prevent-comment-loss
prevent-duplicate-pr-submission
prevent-link-loss
prevent-pr-merge-panel-opening
preview-hidden-comments
previous-next-commit-buttons
previous-version
profile-gists-link
profile-hotkey
pull-request-hotkeys
quick-comment-edit
quick-comment-hiding
quick-file-edit
quick-label-removal
quick-mention
quick-new-issue
quick-repo-deletion
quick-review
quick-review-comment-deletion
reactions-avatars
release-download-count
releases-dropdown
releases-tab
reload-failed-proxied-images
repo-age
repo-avatars
repo-header-info
repo-wide-file-finder
resolve-conflicts
restore-file
rgh-dim-commits
rgh-feature-descriptions
rgh-improve-new-issue-form
rgh-linkify-features
rgh-linkify-yolo-issues
rgh-netiquette
rgh-pr-template
rgh-welcome-issue
same-branch-author-commits
scrollable-areas
select-all-notifications-shortcut
select-notifications
selection-in-new-tab
shorten-links
show-associated-branch-prs-on-fork
show-names
show-open-prs-of-forks
show-user-top-repositories
show-whitespace
small-user-avatars
sort-conversations-by-update-time
status-subscription
sticky-sidebar
stop-redirecting-in-notification-bar
submission-via-ctrl-enter-everywhere
suggest-commit-title-limit
swap-branches-on-compare
sync-pr-commit-title
tab-to-indent
table-input
tag-changes-link
tags-on-commits-list
toggle-everything-with-alt
toggle-files-button
unfinished-comments
unreleased-commits
unwrap-unnecessary-dropdowns
update-pr-from-base-branch
useful-not-found-page
user-local-time
user-profile-follower-badge
vertical-front-matter
view-last-pr-deployment
visit-tag
warn-pr-from-master
warning-for-disallow-edits
